// Jest Snapshot v1, https://goo.gl/fbAQLP

exports[`protoype-prop-define basic value: basic value 1`] = `

function MyClass () {}
MyClass.prototype.toString = () => '[[MyClass]]'

      ↓ ↓ ↓ ↓ ↓ ↓

function MyClass() {}
Object.defineProperty(MyClass.prototype, 'toString', {
  value: () => '[[MyClass]]',
  writable: true,
  enumerable: true,
  configurable: true
});

`;
